===== cargo test =====
[1m[92m   Compiling[0m toml_edit v0.19.15
[1m[92m   Compiling[0m cargo-platform v0.1.9
[1m[92m   Compiling[0m foldhash v0.2.0
[1m[92m   Compiling[0m downcast-rs v1.2.1
[1m[92m   Compiling[0m option-ext v0.2.0
[1m[92m   Compiling[0m scoped-tls v1.0.1
[1m[92m   Compiling[0m dyn-clone v1.0.20
[1m[92m   Compiling[0m plist v1.10.1
[1m[92m   Compiling[0m proc-macro-crate v1.3.1
[1m[92m   Compiling[0m dirs-sys v0.5.0
[1m[92m   Compiling[0m dom_query v0.27.0
[1m[92m   Compiling[0m cargo_metadata v0.19.2
[1m[92m   Compiling[0m gdk v0.18.2
[1m[92m   Compiling[0m serde-untagged v0.1.9
[1m[92m   Compiling[0m json-patch v3.0.1
[1m[92m   Compiling[0m infer v0.19.0
[1m[92m   Compiling[0m flate2 v1.1.10
[1m[92m   Compiling[0m urlpattern v0.3.0
[1m[92m   Compiling[0m miniz_oxide v0.8.9
[1m[92m   Compiling[0m fdeflate v0.3.7
[1m[92m   Compiling[0m wayland-scanner v0.31.11
[1m[92m   Compiling[0m serde_with v3.23.0
[1m[92m   Compiling[0m soup3-sys v0.5.0
[1m[92m   Compiling[0m javascriptcore-rs-sys v1.1.1
[1m[92m   Compiling[0m toml_edit v0.25.13+spec-1.1.0
[1m[92m   Compiling[0m generic-array v0.14.7
[1m[92m   Compiling[0m enumflags2_derive v0.7.12
[1m[92m   Compiling[0m gtk v0.18.2
[1m[92m   Compiling[0m tauri-utils v2.9.3
[1m[92m   Compiling[0m proc-macro-crate v3.5.0
[1m[92m   Compiling[0m gtk3-macros v0.18.2
[1m[92m   Compiling[0m dirs v6.0.0
[1m[92m   Compiling[0m libspa-sys v0.10.1
[1m[92m   Compiling[0m atk v0.18.2
[1m[92m   Compiling[0m event-listener v5.4.2
[1m[92m   Compiling[0m concurrent-queue v2.5.0
[1m[92m   Compiling[0m time-macros v0.2.32
[1m[92m   Compiling[0m webkit2gtk-sys v2.0.2
[1m[92m   Compiling[0m zvariant_utils v4.2.0
[1m[92m   Compiling[0m toml_datetime v0.7.5+spec-1.1.0
[1m[92m   Compiling[0m x11 v2.21.0
[1m[92m   Compiling[0m typenum v1.20.1
[1m[92m   Compiling[0m winnow v0.7.15
[1m[92m   Compiling[0m drm-sys v0.8.1
[1m[92m   Compiling[0m wayland-client v0.31.15
[1m[92m   Compiling[0m khronos_api v3.1.0
[1m[92m   Compiling[0m zvariant_derive v5.15.0
[1m[92m   Compiling[0m toml v0.9.12+spec-1.1.0
[1m[92m   Compiling[0m event-listener-strategy v0.5.4
[1m[92m   Compiling[0m futures-lite v2.6.1
[1m[92m   Compiling[0m embed-resource v3.0.11
[1m[92m   Compiling[0m gdkx11-sys v0.18.2
[1m[92m   Compiling[0m bytemuck_derive v1.12.0
[1m[92m   Compiling[0m errno v0.3.14
[1m[92m   Compiling[0m endi v1.1.1
[1m[92m   Compiling[0m drm-fourcc v2.2.0
[1m[92m   Compiling[0m linux-raw-sys v0.9.4
[1m[92m   Compiling[0m signal-hook-registry v1.4.8
[1m[92m   Compiling[0m bytemuck v1.25.2
[1m[92m   Compiling[0m tauri-winres v0.3.6
[1m[92m   Compiling[0m cargo_toml v0.22.3
[1m[92m   Compiling[0m dpi v0.1.2
[1m[92m   Compiling[0m cookie v0.18.2
[1m[92m   Compiling[0m num-traits v0.2.19
[1m[92m   Compiling[0m async-io v2.6.0
[1m[92m   Compiling[0m nom v8.0.0
[1m[92m   Compiling[0m libdbus-sys v0.2.7
[1m[92m   Compiling[0m x11-dl v2.21.0
[1m[92m   Compiling[0m xml-rs v0.8.29
[1m[92m   Compiling[0m rustix v0.38.44
[1m[92m   Compiling[0m gl_generator v0.14.0
[1m[92m   Compiling[0m wayland-protocols v0.32.13
[1m[92m   Compiling[0m tauri-build v2.6.3
[1m[92m   Compiling[0m drm-ffi v0.9.1
[1m[92m   Compiling[0m javascriptcore-rs v1.1.2
[1m[92m   Compiling[0m soup3 v0.5.0
[1m[92m   Compiling[0m block-buffer v0.10.4
[1m[92m   Compiling[0m crypto-common v0.1.7
[1m[92m   Compiling[0m enumflags2 v0.7.12
[1m[92m   Compiling[0m polling v3.11.0
[1m[92m   Compiling[0m zcheapstr v1.1.0
[1m[92m   Compiling[0m async-task v4.7.1
[1m[92m   Compiling[0m gbm-sys v0.4.0
[1m[92m   Compiling[0m linux-raw-sys v0.4.15
[1m[92m   Compiling[0m foldhash v0.1.5
[1m[92m   Compiling[0m raw-window-handle v0.6.2
[1m[92m   Compiling[0m hashbrown v0.15.5
[1m[92m   Compiling[0m zvariant v5.15.0
[1m[92m   Compiling[0m digest v0.10.7
[1m[92m   Compiling[0m webkit2gtk v2.0.2
[1m[92m   Compiling[0m wayland-protocols-wlr v0.3.12
[1m[92m   Compiling[0m gl v0.14.0
[1m[92m   Compiling[0m async-channel v2.5.0
[1m[92m   Compiling[0m png v0.17.16
[1m[92m   Compiling[0m pipewire-sys v0.10.1
[1m[92m   Compiling[0m libspa v0.10.1
[1m[92m   Compiling[0m crossbeam-channel v0.5.17
[1m[92m   Compiling[0m tracing-core v0.1.36
[1m[92m   Compiling[0m tracing-attributes v0.1.31
[1m[92m   Compiling[0m dlopen2_derive v0.4.3
[1m[92m   Compiling[0m khronos-egl v6.0.0
[1m[92m   Compiling[0m wry v0.55.1
[1m[92m   Compiling[0m pxfm v0.1.30
[1m[92m   Compiling[0m cpufeatures v0.2.17
[1m[92m   Compiling[0m tauri-runtime v2.11.3
[1m[92m   Compiling[0m atomic-waker v1.1.2
[1m[92m   Compiling[0m fixedbitset v0.5.7
[1m[92m   Compiling[0m tracing v0.1.44
[1m[92m   Compiling[0m petgraph v0.8.3
[1m[92m   Compiling[0m piper v0.2.5
[1m[92m   Compiling[0m sha2 v0.10.9
[1m[92m   Compiling[0m dlopen2 v0.8.2
[1m[92m   Compiling[0m ico v0.5.0
[1m[92m   Compiling[0m moxcms v0.8.1
[1m[92m   Compiling[0m dbus v0.9.12
[1m[92m   Compiling[0m zbus_names v4.3.4
[1m[92m   Compiling[0m async-signal v0.2.14
[1m[92m   Compiling[0m drm v0.14.1
[1m[92m   Compiling[0m tauri v2.11.5
[1m[92m   Compiling[0m gdkx11 v0.18.2
[1m[92m   Compiling[0m async-lock v3.4.2
[1m[92m   Compiling[0m wayland-server v0.31.14
[1m[92m   Compiling[0m png v0.18.1
[1m[92m   Compiling[0m xcb v1.7.1
[1m[92m   Compiling[0m gdkwayland-sys v0.18.2
[1m[92m   Compiling[0m serde_repr v0.1.21
[1m[92m   Compiling[0m base64 v0.22.1
[1m[92m   Compiling[0m cookie-factory v0.3.3
[1m[92m   Compiling[0m byteorder-lite v0.1.0
[1m[92m   Compiling[0m utf8parse v0.2.2
[1m[92m   Compiling[0m getrandom v0.3.4
[1m[92m   Compiling[0m unicode-segmentation v1.13.3
[1m[92m   Compiling[0m tauri-runtime-wry v2.11.4
[1m[92m   Compiling[0m cpufeatures v0.3.1
[1m[92m   Compiling[0m chacha20 v0.10.2
[1m[92m   Compiling[0m image v0.25.10
[1m[92m   Compiling[0m keyboard-types v0.7.0
[1m[92m   Compiling[0m anstyle-parse v1.0.0
[1m[92m   Compiling[0m tauri-codegen v2.6.3
[1m[92m   Compiling[0m tao v0.35.3
[1m[92m   Compiling[0m gbm v0.18.0
[1m[92m   Compiling[0m async-process v2.5.0
[1m[92m   Compiling[0m zbus_macros v5.19.0
[1m[92m   Compiling[0m tree_magic_mini v3.2.2
[1m[92m   Compiling[0m blocking v1.7.0
[1m[92m   Compiling[0m async-executor v1.14.0
[1m[92m   Compiling[0m drm v0.15.0
[1m[92m   Compiling[0m async-broadcast v0.7.2
[1m[92m   Compiling[0m gethostname v1.1.0
[1m[92m   Compiling[0m ordered-stream v0.2.0
[1m[92m   Compiling[0m serialize-to-javascript-impl v0.1.2
[1m[92m   Compiling[0m async-recursion v1.1.1
[1m[92m   Compiling[0m async-trait v0.1.92
[1m[92m   Compiling[0m tokio-macros v2.7.2
[1m[92m   Compiling[0m memmap2 v0.9.11
[1m[92m   Compiling[0m mio v1.2.3
[1m[92m   Compiling[0m os_pipe v1.2.3
[1m[92m   Compiling[0m hex v0.4.3
[1m[92m   Compiling[0m colorchoice v1.0.5
[1m[92m   Compiling[0m is_terminal_polyfill v1.70.2
[1m[92m   Compiling[0m xcap v0.9.8
[1m[92m   Compiling[0m jiff-core v0.1.0
[1m[92m   Compiling[0m x11rb-protocol v0.13.2
[1m[92m   Compiling[0m anstyle-query v1.1.5
[1m[92m   Compiling[0m anstream v1.0.0
[1m[92m   Compiling[0m zbus v5.19.0
[1m[92m   Compiling[0m tokio v1.53.1
[1m[92m   Compiling[0m jiff v0.2.35
[1m[92m   Compiling[0m x11rb v0.13.2
[1m[92m   Compiling[0m wl-clipboard-rs v0.9.3
[1m[92m   Compiling[0m libwayshot-xcap v0.3.3
[1m[92m   Compiling[0m serialize-to-javascript v0.1.2
[1m[92m   Compiling[0m pipewire v0.10.1
[1m[92m   Compiling[0m tauri-macros v2.6.3
[1m[92m   Compiling[0m muda v0.19.3
[1m[92m   Compiling[0m rand v0.10.2
[1m[92m   Compiling[0m pluto v1.0.0 (/home/runner/work/pluto/pluto/src-tauri)
[1m[92m   Compiling[0m env_filter v2.0.0
[1m[92m   Compiling[0m env_home v0.1.0
[1m[92m   Compiling[0m mime v0.3.17
[1m[92m   Compiling[0m which v7.0.3
[1m[92m   Compiling[0m env_logger v0.11.11
[1m[92m   Compiling[0m arboard v3.6.1
[1m[92m   Compiling[0m sysinfo v0.35.2
[1m[33mwarning[0m[1m: unused variable: `text`[0m
   [1m[94m--> [0msrc/nlu.rs:618:18
    [1m[94m|[0m
[1m[94m618[0m [1m[94m|[0m fn greeting_plan(text: &str, t: &str, w: &str) -> Option<Vec<PlanItem>> {
    [1m[94m|[0m                  [1m[33m^^^^[0m [1m[33mhelp: if this is intentional, prefix it with an underscore: `_text`[0m
    [1m[94m|[0m
    [1m[94m= [0m[1mnote[0m: `#[warn(unused_variables)]` (part of `#[warn(unused)]`) on by default

[1m[33mwarning[0m[1m: unused variable: `text`[0m
   [1m[94m--> [0msrc/nlu.rs:660:16
    [1m[94m|[0m
[1m[94m660[0m [1m[94m|[0m fn system_plan(text: &str, t: &str, w: &str) -> Option<Vec<PlanItem>> {
    [1m[94m|[0m                [1m[33m^^^^[0m [1m[33mhelp: if this is intentional, prefix it with an underscore: `_text`[0m

[1m[33mwarning[0m[1m: unused variable: `w`[0m
   [1m[94m--> [0msrc/nlu.rs:923:35
    [1m[94m|[0m
[1m[94m923[0m [1m[94m|[0m fn file_plan(text: &str, t: &str, w: &str, ctx: &SessionContext) -> Option<Vec<PlanItem>> {
    [1m[94m|[0m                                   [1m[33m^[0m [1m[33mhelp: if this is intentional, prefix it with an underscore: `_w`[0m

[1m[33mwarning[0m[1m: unused variable: `err`[0m
  [1m[94m--> [0msrc/tools/apps.rs:51:30
   [1m[94m|[0m
[1m[94m51[0m [1m[94m|[0m                 Ok((code, _, err)) if code == 0 => ToolResult::ok("open_url", format!("Opened {} in your default browser.", url)),
   [1m[94m|[0m                              [1m[33m^^^[0m [1m[33mhelp: if this is intentional, prefix it with an underscore: `_err`[0m

[1m[33mwarning[0m[1m: unused variable: `err`[0m
   [1m[94m--> [0msrc/tools/system.rs:216:30
    [1m[94m|[0m
[1m[94m216[0m [1m[94m|[0m                 Ok((code, _, err)) if code == 0 => {
    [1m[94m|[0m                              [1m[33m^^^[0m [1m[33mhelp: if this is intentional, prefix it with an underscore: `_err`[0m

[1m[33mwarning[0m[1m: value assigned to `status` is never read[0m
   [1m[94m--> [0msrc/tools/terminal.rs:138:22
    [1m[94m|[0m
[1m[94m138[0m [1m[94m|[0m     let mut status = None;
    [1m[94m|[0m                      [1m[33m^^^^[0m [1m[33mthis value is reassigned later and never used[0m
[1m[94m...[0m
[1m[94m142[0m [1m[94m|[0m                 status = Some(s);
    [1m[94m|[0m                 [1m[94m----------------[0m [1m[94m`status` is overwritten here before the previous value is read[0m
    [1m[94m|[0m
    [1m[94m= [0m[1mnote[0m: `#[warn(unused_assignments)]` (part of `#[warn(unused)]`) on by default

[1m[33mwarning[0m[1m: value assigned to `status` is never read[0m
   [1m[94m--> [0msrc/tools/mod.rs:137:22
    [1m[94m|[0m
[1m[94m137[0m [1m[94m|[0m     let mut status = None;
    [1m[94m|[0m                      [1m[33m^^^^[0m [1m[33mthis value is reassigned later and never used[0m
[1m[94m...[0m
[1m[94m141[0m [1m[94m|[0m                 status = Some(s);
    [1m[94m|[0m                 [1m[94m----------------[0m [1m[94m`status` is overwritten here before the previous value is read[0m

[1m[33mwarning[0m[1m: function `has_any_relaxed` is never used[0m
   [1m[94m--> [0msrc/nlu.rs:225:4
    [1m[94m|[0m
[1m[94m225[0m [1m[94m|[0m fn has_any_relaxed(text: &str, subs: &[&str]) -> bool {
    [1m[94m|[0m    [1m[33m^^^^^^^^^^^^^^^[0m
    [1m[94m|[0m
    [1m[94m= [0m[1mnote[0m: `#[warn(dead_code)]` (part of `#[warn(unused)]`) on by default

[1m[33mwarning[0m[1m: function `site_from_url` is never used[0m
   [1m[94m--> [0msrc/nlu.rs:343:4
    [1m[94m|[0m
[1m[94m343[0m [1m[94m|[0m fn site_from_url(url: &str) -> String {
    [1m[94m|[0m    [1m[33m^^^^^^^^^^^^^[0m

[1m[33mwarning[0m[1m: function `normalize_url` is never used[0m
   [1m[94m--> [0msrc/nlu.rs:368:4
    [1m[94m|[0m
[1m[94m368[0m [1m[94m|[0m fn normalize_url(text: &str) -> String {
    [1m[94m|[0m    [1m[33m^^^^^^^^^^^^^[0m

[1m[33mwarning[0m[1m: constant `MAX_FIND_RESULTS` is never used[0m
  [1m[94m--> [0msrc/tools/files.rs:11:7
   [1m[94m|[0m
[1m[94m11[0m [1m[94m|[0m const MAX_FIND_RESULTS: usize = 25;
   [1m[94m|[0m       [1m[33m^^^^^^^^^^^^^^^^[0m

[1m[33mwarning[0m: `pluto` (lib test) generated 11 warnings (run `cargo fix --lib -p pluto --tests` to apply 5 suggestions)
[1m[92m    Finished[0m `test` profile [unoptimized + debuginfo] target(s) in 2m 11s
[1m[92m     Running[0m unittests src/lib.rs (src-tauri/target/debug/deps/pluto_lib-e9ce665a855765f6)

running 14 tests
test nlu::tests::routes_clipboard ... ok
test nlu::tests::routes_open_url_domain ... FAILED
test nlu::tests::routes_create_folder ... ok
test nlu::tests::routes_open_youtube ... ok
test nlu::tests::routes_system_status ... ok
test nlu::tests::routes_screenshot ... ok
test tools::terminal::tests::blocks_destructive_patterns ... ok
test tools::terminal::tests::confirms_dangerous_commands ... ok
test tools::terminal::tests::safe_commands ... ok
test tools::terminal::tests::tokenizes_quotes ... ok
test nlu::tests::capabilities_on_unknown ... ok
test nlu::tests::routes_open_app ... ok
test tools::voice::tests::tts_absent_reports_browser ... ok
test nlu::tests::routes_terminal_command ... ok

failures:

---- nlu::tests::routes_open_url_domain stdout ----

thread 'nlu::tests::routes_open_url_domain' (14269) panicked at src/nlu.rs:1339:13:
assertion `left == right` failed
  left: String("https://twitter.com")
 right: "https://example.com"
note: run with `RUST_BACKTRACE=1` environment variable to display a backtrace


failures:
    nlu::tests::routes_open_url_domain

test result: FAILED. 13 passed; 1 failed; 0 ignored; 0 measured; 0 filtered out; finished in 0.15s

[1m[91merror[0m: test failed, to rerun pass `--lib`
EXIT=101

===== tauri build =====
[1m[92m   Compiling[0m time-core v0.1.9
[1m[92m   Compiling[0m futures-util v0.3.34
[1m[92m   Compiling[0m heck v0.4.1
[1m[92m   Compiling[0m num-conv v0.2.2
[1m[92m   Compiling[0m log v0.4.34
[1m[92m   Compiling[0m glib-macros v0.18.5
[1m[92m   Compiling[0m tinystr v0.8.4
[1m[92m   Compiling[0m pango-sys v0.18.0
[1m[92m   Compiling[0m gdk-pixbuf-sys v0.18.0
[1m[92m   Compiling[0m cairo-sys-rs v0.18.2
[1m[92m   Compiling[0m rustc_version v0.4.1
[1m[92m   Compiling[0m phf_codegen v0.13.1
[1m[92m   Compiling[0m futures-channel v0.3.34
[1m[92m   Compiling[0m itoa v1.0.18
[1m[92m   Compiling[0m ident_case v1.0.1
[1m[92m   Compiling[0m writeable v0.6.4
[1m[92m   Compiling[0m erased-serde v0.4.10
[1m[92m   Compiling[0m litemap v0.8.3
[1m[92m   Compiling[0m strsim v0.11.1
[1m[92m   Compiling[0m darling_core v0.24.1
[1m[92m   Compiling[0m icu_locale_core v2.3.0
[1m[92m   Compiling[0m futures-executor v0.3.34
[1m[92m   Compiling[0m potential_utf v0.1.6
[1m[92m   Compiling[0m atk-sys v0.18.2
[1m[92m   Compiling[0m zerotrie v0.2.5
[1m[92m   Compiling[0m utf8_iter v1.0.4
[1m[92m   Compiling[0m icu_collections v2.3.0
[1m[92m   Compiling[0m glib v0.18.5
[1m[92m   Compiling[0m icu_provider v2.3.1
[1m[92m   Compiling[0m anyhow v1.0.104
[1m[92m   Compiling[0m crossbeam-utils v0.8.23
[1m[92m   Compiling[0m scopeguard v1.2.0
[1m[92m   Compiling[0m new_debug_unreachable v1.0.6
[1m[92m   Compiling[0m lock_api v0.4.14
[1m[92m   Compiling[0m phf v0.13.1
[1m[92m   Compiling[0m string_cache_codegen v0.6.1
[1m[92m   Compiling[0m precomputed-hash v0.1.1
[1m[92m   Compiling[0m serde_json v1.0.151
[1m[92m   Compiling[0m crc32fast v1.5.1
[1m[92m   Compiling[0m gio v0.18.4
[1m[92m   Compiling[0m target-lexicon v0.13.5
[1m[92m   Compiling[0m getrandom v0.4.3
[1m[92m   Compiling[0m web_atoms v0.2.6
[1m[92m   Compiling[0m darling_macro v0.24.1
[1m[92m   Compiling[0m darling v0.24.1
[1m[92m   Compiling[0m serde_with_macros v3.23.0
[1m[92m   Compiling[0m parking_lot v0.12.5
[1m[92m   Compiling[0m icu_properties v2.3.0
[1m[92m   Compiling[0m icu_normalizer v2.3.0
[1m[92m   Compiling[0m gtk-sys v0.18.2
[1m[92m   Compiling[0m clang-sys v1.9.1
[1m[92m   Compiling[0m ctor-proc-macro v0.0.7
[1m[92m   Compiling[0m idna_adapter v1.2.2
[1m[92m   Compiling[0m string_cache v0.9.0
[1m[92m   Compiling[0m quick-xml v0.41.0
[1m[92m   Compiling[0m dtoa v1.0.11
[1m[92m   Compiling[0m minimal-lexical v0.2.1
[1m[92m   Compiling[0m parking v2.2.1
[1m[92m   Compiling[0m percent-encoding v2.3.2
[1m[92m   Compiling[0m form_urlencoded v1.2.2
[1m[92m   Compiling[0m nom v7.1.3
[1m[92m   Compiling[0m dtoa-short v0.3.5
[1m[92m   Compiling[0m uuid v1.26.0
[1m[92m   Compiling[0m cfg-expr v0.20.9
[1m[92m   Compiling[0m idna v1.1.0
[1m[92m   Compiling[0m tendril v0.5.1
[1m[92m   Compiling[0m selectors v0.36.1
[1m[92m   Compiling[0m libloading v0.8.9
[1m[92m   Compiling[0m indexmap v1.9.3
[1m[92m   Compiling[0m cssparser-macros v0.6.1
[1m[92m   Compiling[0m derive_more-impl v2.1.1
[1m[92m   Compiling[0m wayland-sys v0.31.11
[1m[92m   Compiling[0m camino v1.2.5
[1m[92m   Compiling[0m byteorder v1.5.0
[1m[92m   Compiling[0m unic-common v0.9.0
[1m[92m   Compiling[0m alloc-no-stdlib v2.0.4
[1m[92m   Compiling[0m either v1.18.0
[1m[92m   Compiling[0m unicode-width v0.2.2
[1m[92m   Compiling[0m bindgen v0.72.1
[1m[92m   Compiling[0m anstyle v1.0.14
[1m[92m   Compiling[0m rand_core v0.10.1
[1m[92m   Compiling[0m unic-char-range v0.9.0
[1m[92m   Compiling[0m unic-char-property v0.9.0
[1m[92m   Compiling[0m annotate-snippets v0.11.5
[1m[92m   Compiling[0m itertools v0.13.0
[1m[92m   Compiling[0m derive_more v2.1.1
[1m[92m   Compiling[0m alloc-stdlib v0.2.4
[1m[92m   Compiling[0m unic-ucd-version v0.9.0
[1m[92m   Compiling[0m cssparser v0.36.0
[1m[92m   Compiling[0m dlib v0.5.3
[1m[92m   Compiling[0m markup5ever v0.38.0
[1m[92m   Compiling[0m url v2.5.8
[1m[92m   Compiling[0m cexpr v0.6.0
[1m[92m   Compiling[0m system-deps v7.0.8
[1m[92m   Compiling[0m wayland-backend v0.3.17
[1m[92m   Compiling[0m servo_arc v0.4.3
[1m[92m   Compiling[0m serde_derive_internals v0.29.1
[1m[92m   Compiling[0m fnv v1.0.7
[1m[92m   Compiling[0m deranged v0.5.8
[1m[92m   Compiling[0m shlex v1.3.0
[1m[92m   Compiling[0m bit-vec v0.8.0
[1m[92m   Compiling[0m powerfmt v0.2.0
[1m[92m   Compiling[0m hashbrown v0.12.3
[1m[92m   Compiling[0m schemars v0.8.22
[1m[92m   Compiling[0m time v0.3.55
[1m[92m   Compiling[0m bit-set v0.8.0
[1m[92m   Compiling[0m schemars_derive v0.8.22
[1m[92m   Compiling[0m cfb v0.7.3
[1m[92m   Compiling[0m html5ever v0.38.0
[1m[92m   Compiling[0m unic-ucd-ident v0.9.0
[1m[92m   Compiling[0m brotli-decompressor v5.0.3
[1m[92m   Compiling[0m pango v0.18.3
[1m[92m   Compiling[0m gdk-pixbuf v0.18.5
[1m[92m   Compiling[0m cairo-rs v0.18.5
[1m[92m   Compiling[0m jsonptr v0.6.3
[1m[92m   Compiling[0m field-offset v0.3.6
[1m[92m   Compiling[0m toml_edit v0.19.15
[1m[92m   Compiling[0m cargo-platform v0.1.9
[1m[92m   Compiling[0m quick-xml v0.42.0
[1m[92m   Compiling[0m downcast-rs v1.2.1
[1m[92m   Compiling[0m same-file v1.0.6
[1m[92m   Compiling[0m base64 v0.23.1
[1m[92m   Compiling[0m dyn-clone v1.0.20
[1m[92m   Compiling[0m bytes v1.12.1
[1m[92m   Compiling[0m dunce v1.0.5
[1m[92m   Compiling[0m foldhash v0.2.0
[1m[92m   Compiling[0m scoped-tls v1.0.1
[1m[92m   Compiling[0m dom_query v0.27.0
[1m[92m   Compiling[0m http v1.5.0
[1m[92m   Compiling[0m proc-macro-crate v1.3.1
[1m[92m   Compiling[0m plist v1.10.1
[1m[92m   Compiling[0m walkdir v2.5.0
[1m[92m   Compiling[0m cargo_metadata v0.19.2
[1m[92m   Compiling[0m json-patch v3.0.1
[1m[92m   Compiling[0m gdk v0.18.2
[1m[92m   Compiling[0m brotli v8.0.4
[1m[92m   Compiling[0m urlpattern v0.3.0
[1m[92m   Compiling[0m serde-untagged v0.1.9
[1m[92m   Compiling[0m infer v0.19.0
[1m[92m   Compiling[0m wayland-scanner v0.31.11
[1m[92m   Compiling[0m ctor v0.8.0
[1m[92m   Compiling[0m serde_with v3.23.0
[1m[92m   Compiling[0m soup3-sys v0.5.0
[1m[92m   Compiling[0m javascriptcore-rs-sys v1.1.1
[1m[92m   Compiling[0m toml_edit v0.25.13+spec-1.1.0
[1m[92m   Compiling[0m generic-array v0.14.7
[1m[92m   Compiling[0m enumflags2_derive v0.7.12
[1m[92m   Compiling[0m gtk v0.18.2
[1m[92m   Compiling[0m simd-adler32 v0.3.10
[1m[92m   Compiling[0m tauri-utils v2.9.3
[1m[92m   Compiling[0m proc-macro-crate v3.5.0
[1m[92m   Compiling[0m gtk3-macros v0.18.2
[1m[92m   Compiling[0m libspa-sys v0.10.1
[1m[92m   Compiling[0m atk v0.18.2
[1m[92m   Compiling[0m event-listener v5.4.2
[1m[92m   Compiling[0m concurrent-queue v2.5.0
[1m[92m   Compiling[0m time-macros v0.2.32
[1m[92m   Compiling[0m webkit2gtk-sys v2.0.2
[1m[92m   Compiling[0m zvariant_utils v4.2.0
[1m[92m   Compiling[0m toml_datetime v0.7.5+spec-1.1.0
[1m[92m   Compiling[0m x11 v2.21.0
[1m[92m   Compiling[0m wayland-client v0.31.15
[1m[92m   Compiling[0m option-ext v0.2.0
[1m[92m   Compiling[0m drm-sys v0.8.1
[1m[92m   Compiling[0m typenum v1.20.1
[1m[92m   Compiling[0m winnow v0.7.15
[1m[92m   Compiling[0m adler2 v2.0.1
[1m[92m   Compiling[0m khronos_api v3.1.0
[1m[92m   Compiling[0m toml v0.9.12+spec-1.1.0
[1m[92m   Compiling[0m zvariant_derive v5.15.0
[1m[92m   Compiling[0m dirs-sys v0.5.0
[1m[92m   Compiling[0m event-listener-strategy v0.5.4
[1m[92m   Compiling[0m futures-lite v2.6.1
[1m[92m   Compiling[0m embed-resource v3.0.11
[1m[92m   Compiling[0m gdkx11-sys v0.18.2
[1m[92m   Compiling[0m bytemuck_derive v1.12.0
[1m[92m   Compiling[0m errno v0.3.14
[1m[92m   Compiling[0m drm-fourcc v2.2.0
[1m[92m   Compiling[0m linux-raw-sys v0.9.4
[1m[92m   Compiling[0m bitflags v1.3.2
[1m[92m   Compiling[0m bytemuck v1.25.2
[1m[92m   Compiling[0m signal-hook-registry v1.4.8
[1m[92m   Compiling[0m tauri-winres v0.3.6
[1m[92m   Compiling[0m dirs v6.0.0
[1m[92m   Compiling[0m cargo_toml v0.22.3
[1m[92m   Compiling[0m miniz_oxide v0.9.1
[1m[92m   Compiling[0m dpi v0.1.2
[1m[92m   Compiling[0m nom v8.0.0
[1m[92m   Compiling[0m cookie v0.18.2
[1m[92m   Compiling[0m async-io v2.6.0
[1m[92m   Compiling[0m num-traits v0.2.19
[1m[92m   Compiling[0m libdbus-sys v0.2.7
[1m[92m   Compiling[0m x11-dl v2.21.0
[1m[92m   Compiling[0m rustix v0.38.44
[1m[92m   Compiling[0m xml-rs v0.8.29
[1m[92m   Compiling[0m gl_generator v0.14.0
[1m[92m   Compiling[0m tauri-build v2.6.3
[1m[92m   Compiling[0m flate2 v1.1.10
[1m[92m   Compiling[0m wayland-protocols v0.32.13
[1m[92m   Compiling[0m drm-ffi v0.9.1
[1m[92m   Compiling[0m javascriptcore-rs v1.1.2
[1m[92m   Compiling[0m soup3 v0.5.0
[1m[92m   Compiling[0m crypto-common v0.1.7
[1m[92m   Compiling[0m block-buffer v0.10.4
[1m[92m   Compiling[0m miniz_oxide v0.8.9
[1m[92m   Compiling[0m fdeflate v0.3.7
[1m[92m   Compiling[0m enumflags2 v0.7.12
[1m[92m   Compiling[0m polling v3.11.0
[1m[92m   Compiling[0m zcheapstr v1.1.0
[1m[92m   Compiling[0m endi v1.1.1
[1m[92m   Compiling[0m raw-window-handle v0.6.2
[1m[92m   Compiling[0m linux-raw-sys v0.4.15
[1m[92m   Compiling[0m foldhash v0.1.5
[1m[92m   Compiling[0m async-task v4.7.1
[1m[92m   Compiling[0m gbm-sys v0.4.0
[1m[92m   Compiling[0m hashbrown v0.15.5
[1m[92m   Compiling[0m png v0.17.16
[1m[92m   Compiling[0m zvariant v5.15.0
[1m[92m   Compiling[0m digest v0.10.7
[1m[92m   Compiling[0m webkit2gtk v2.0.2
[1m[92m   Compiling[0m wayland-protocols-wlr v0.3.12
[1m[92m   Compiling[0m gl v0.14.0
[1m[92m   Compiling[0m async-channel v2.5.0
[1m[92m   Compiling[0m pipewire-sys v0.10.1
[1m[92m   Compiling[0m libspa v0.10.1
[1m[92m   Compiling[0m crossbeam-channel v0.5.17
[1m[92m   Compiling[0m tracing-core v0.1.36
[1m[92m   Compiling[0m tracing-attributes v0.1.31
[1m[92m   Compiling[0m dlopen2_derive v0.4.3
[1m[92m   Compiling[0m khronos-egl v6.0.0
[1m[92m   Compiling[0m fixedbitset v0.5.7
[1m[92m   Compiling[0m atomic-waker v1.1.2
[1m[92m   Compiling[0m pxfm v0.1.30
[1m[92m   Compiling[0m tauri-runtime v2.11.3
[1m[92m   Compiling[0m wry v0.55.1
[1m[92m   Compiling[0m cpufeatures v0.2.17
[1m[92m   Compiling[0m sha2 v0.10.9
[1m[92m   Compiling[0m petgraph v0.8.3
[1m[92m   Compiling[0m moxcms v0.8.1
[1m[92m   Compiling[0m piper v0.2.5
[1m[92m   Compiling[0m tracing v0.1.44
[1m[92m   Compiling[0m dlopen2 v0.8.2
[1m[92m   Compiling[0m png v0.18.1
[1m[92m   Compiling[0m dbus v0.9.12
[1m[92m   Compiling[0m async-signal v0.2.14
[1m[92m   Compiling[0m zbus_names v4.3.4
[1m[92m   Compiling[0m drm v0.14.1
[1m[92m   Compiling[0m ico v0.5.0
[1m[92m   Compiling[0m tauri v2.11.5
[1m[92m   Compiling[0m gdkx11 v0.18.2
[1m[92m   Compiling[0m async-lock v3.4.2
[1m[92m   Compiling[0m wayland-server v0.31.14
[1m[92m   Compiling[0m xcb v1.7.1
[1m[92m   Compiling[0m gdkwayland-sys v0.18.2
[1m[92m   Compiling[0m serde_repr v0.1.21
[1m[92m   Compiling[0m getrandom v0.3.4
[1m[92m   Compiling[0m tauri-runtime-wry v2.11.4
[1m[92m   Compiling[0m utf8parse v0.2.2
[1m[92m   Compiling[0m cookie-factory v0.3.3
[1m[92m   Compiling[0m unicode-segmentation v1.13.3
[1m[92m   Compiling[0m byteorder-lite v0.1.0
[1m[92m   Compiling[0m cpufeatures v0.3.1
[1m[92m   Compiling[0m base64 v0.22.1
[1m[92m   Compiling[0m chacha20 v0.10.2
[1m[92m   Compiling[0m tauri-codegen v2.6.3
[1m[92m   Compiling[0m image v0.25.10
[1m[92m   Compiling[0m keyboard-types v0.7.0
[1m[92m   Compiling[0m anstyle-parse v1.0.0
[1m[92m   Compiling[0m tao v0.35.3
[1m[92m   Compiling[0m gbm v0.18.0
[1m[92m   Compiling[0m async-process v2.5.0
[1m[92m   Compiling[0m zbus_macros v5.19.0
[1m[92m   Compiling[0m blocking v1.7.0
[1m[92m   Compiling[0m tree_magic_mini v3.2.2
[1m[92m   Compiling[0m async-executor v1.14.0
[1m[92m   Compiling[0m drm v0.15.0
[1m[92m   Compiling[0m async-broadcast v0.7.2
[1m[92m   Compiling[0m gethostname v1.1.0
[1m[92m   Compiling[0m ordered-stream v0.2.0
[1m[92m   Compiling[0m serialize-to-javascript-impl v0.1.2
[1m[92m   Compiling[0m async-recursion v1.1.1
[1m[92m   Compiling[0m tokio-macros v2.7.2
[1m[92m   Compiling[0m async-trait v0.1.92
[1m[92m   Compiling[0m mio v1.2.3
[1m[92m   Compiling[0m os_pipe v1.2.3
[1m[92m   Compiling[0m memmap2 v0.9.11
[1m[92m   Compiling[0m anstyle-query v1.1.5
[1m[92m   Compiling[0m hex v0.4.3
[1m[92m   Compiling[0m colorchoice v1.0.5
[1m[92m   Compiling[0m jiff-core v0.1.0
[1m[92m   Compiling[0m xcap v0.9.8
[1m[92m   Compiling[0m x11rb-protocol v0.13.2
[1m[92m   Compiling[0m is_terminal_polyfill v1.70.2
[1m[92m   Compiling[0m anstream v1.0.0
[1m[92m   Compiling[0m jiff v0.2.35
[1m[92m   Compiling[0m zbus v5.19.0
[1m[92m   Compiling[0m libwayshot-xcap v0.3.3
[1m[92m   Compiling[0m x11rb v0.13.2
[1m[92m   Compiling[0m wl-clipboard-rs v0.9.3
[1m[92m   Compiling[0m tokio v1.53.1
[1m[92m   Compiling[0m serialize-to-javascript v0.1.2
[1m[92m   Compiling[0m pipewire v0.10.1
[1m[92m   Compiling[0m muda v0.19.3
[1m[92m   Compiling[0m tauri-macros v2.6.3
[1m[92m   Compiling[0m rand v0.10.2
[1m[92m   Compiling[0m pluto v1.0.0 (/home/runner/work/pluto/pluto/src-tauri)
[1m[92m   Compiling[0m env_filter v2.0.0
[1m[92m   Compiling[0m mime v0.3.17
[1m[92m   Compiling[0m env_home v0.1.0
[1m[92m   Compiling[0m which v7.0.3
[1m[92m   Compiling[0m env_logger v0.11.11
[1m[92m   Compiling[0m arboard v3.6.1
[1m[92m   Compiling[0m sysinfo v0.35.2
[1m[33mwarning[0m[1m: unused variable: `text`[0m
   [1m[94m--> [0msrc/nlu.rs:618:18
    [1m[94m|[0m
[1m[94m618[0m [1m[94m|[0m fn greeting_plan(text: &str, t: &str, w: &str) -> Option<Vec<PlanItem>> {
    [1m[94m|[0m                  [1m[33m^^^^[0m [1m[33mhelp: if this is intentional, prefix it with an underscore: `_text`[0m
    [1m[94m|[0m
    [1m[94m= [0m[1mnote[0m: `#[warn(unused_variables)]` (part of `#[warn(unused)]`) on by default

[1m[33mwarning[0m[1m: unused variable: `text`[0m
   [1m[94m--> [0msrc/nlu.rs:660:16
    [1m[94m|[0m
[1m[94m660[0m [1m[94m|[0m fn system_plan(text: &str, t: &str, w: &str) -> Option<Vec<PlanItem>> {
    [1m[94m|[0m                [1m[33m^^^^[0m [1m[33mhelp: if this is intentional, prefix it with an underscore: `_text`[0m

[1m[33mwarning[0m[1m: unused variable: `w`[0m
   [1m[94m--> [0msrc/nlu.rs:923:35
    [1m[94m|[0m
[1m[94m923[0m [1m[94m|[0m fn file_plan(text: &str, t: &str, w: &str, ctx: &SessionContext) -> Option<Vec<PlanItem>> {
    [1m[94m|[0m                                   [1m[33m^[0m [1m[33mhelp: if this is intentional, prefix it with an underscore: `_w`[0m

[1m[33mwarning[0m[1m: unused variable: `err`[0m
  [1m[94m--> [0msrc/tools/apps.rs:51:30
   [1m[94m|[0m
[1m[94m51[0m [1m[94m|[0m                 Ok((code, _, err)) if code == 0 => ToolResult::ok("open_url", format!("Opened {} in your default browser.", url)),
   [1m[94m|[0m                              [1m[33m^^^[0m [1m[33mhelp: if this is intentional, prefix it with an underscore: `_err`[0m

[1m[33mwarning[0m[1m: unused variable: `err`[0m
   [1m[94m--> [0msrc/tools/system.rs:216:30
    [1m[94m|[0m
[1m[94m216[0m [1m[94m|[0m                 Ok((code, _, err)) if code == 0 => {
    [1m[94m|[0m                              [1m[33m^^^[0m [1m[33mhelp: if this is intentional, prefix it with an underscore: `_err`[0m

[1m[33mwarning[0m[1m: value assigned to `status` is never read[0m
   [1m[94m--> [0msrc/tools/terminal.rs:138:22
    [1m[94m|[0m
[1m[94m138[0m [1m[94m|[0m     let mut status = None;
    [1m[94m|[0m                      [1m[33m^^^^[0m [1m[33mthis value is reassigned later and never used[0m
[1m[94m...[0m
[1m[94m142[0m [1m[94m|[0m                 status = Some(s);
    [1m[94m|[0m                 [1m[94m----------------[0m [1m[94m`status` is overwritten here before the previous value is read[0m
    [1m[94m|[0m
    [1m[94m= [0m[1mnote[0m: `#[warn(unused_assignments)]` (part of `#[warn(unused)]`) on by default

[1m[33mwarning[0m[1m: value assigned to `status` is never read[0m
   [1m[94m--> [0msrc/tools/mod.rs:137:22
    [1m[94m|[0m
[1m[94m137[0m [1m[94m|[0m     let mut status = None;
    [1m[94m|[0m                      [1m[33m^^^^[0m [1m[33mthis value is reassigned later and never used[0m
[1m[94m...[0m
[1m[94m141[0m [1m[94m|[0m                 status = Some(s);
    [1m[94m|[0m                 [1m[94m----------------[0m [1m[94m`status` is overwritten here before the previous value is read[0m

[1m[33mwarning[0m[1m: function `has_any_relaxed` is never used[0m
   [1m[94m--> [0msrc/nlu.rs:225:4
    [1m[94m|[0m
[1m[94m225[0m [1m[94m|[0m fn has_any_relaxed(text: &str, subs: &[&str]) -> bool {
    [1m[94m|[0m    [1m[33m^^^^^^^^^^^^^^^[0m
    [1m[94m|[0m
    [1m[94m= [0m[1mnote[0m: `#[warn(dead_code)]` (part of `#[warn(unused)]`) on by default

[1m[33mwarning[0m[1m: function `site_from_url` is never used[0m
   [1m[94m--> [0msrc/nlu.rs:343:4
    [1m[94m|[0m
[1m[94m343[0m [1m[94m|[0m fn site_from_url(url: &str) -> String {
    [1m[94m|[0m    [1m[33m^^^^^^^^^^^^^[0m

[1m[33mwarning[0m[1m: function `normalize_url` is never used[0m
   [1m[94m--> [0msrc/nlu.rs:368:4
    [1m[94m|[0m
[1m[94m368[0m [1m[94m|[0m fn normalize_url(text: &str) -> String {
    [1m[94m|[0m    [1m[33m^^^^^^^^^^^^^[0m

[1m[33mwarning[0m[1m: constant `MAX_FIND_RESULTS` is never used[0m
  [1m[94m--> [0msrc/tools/files.rs:11:7
   [1m[94m|[0m
[1m[94m11[0m [1m[94m|[0m const MAX_FIND_RESULTS: usize = 25;
   [1m[94m|[0m       [1m[33m^^^^^^^^^^^^^^^^[0m

[1m[33mwarning[0m: `pluto` (lib) generated 11 warnings (run `cargo fix --lib -p pluto` to apply 5 suggestions)
[1m[92m    Finished[0m `release` profile [optimized] target(s) in 5m 59s
       Built application at: /home/runner/work/pluto/pluto/src-tauri/target/release/pluto
        Info Patching /home/runner/work/pluto/pluto/src-tauri/target/release/pluto with bundle type information: deb
    Bundling Pluto_1.0.0_amd64.deb (/home/runner/work/pluto/pluto/src-tauri/target/release/bundle/deb/Pluto_1.0.0_amd64.deb)
    Finished 1 bundle at:
        /home/runner/work/pluto/pluto/src-tauri/target/release/bundle/deb/Pluto_1.0.0_amd64.deb

EXIT=0
