848:[1m[91merror[E0061][0m[1m: this method takes 4 arguments but 3 arguments were supplied[0m
914:[1m[91merror[E0382][0m[1m: borrow of moved value: `supported`[0m
--- tail ---
     [1m[94m|[0m
[1m[94m1546[0m [1m[94m|[0m         let mut intent = String::new();
     [1m[94m|[0m                          [1m[33m^^^^^^^^^^^^^[0m [1m[33mthis value is reassigned later and never used[0m
[1m[94m...[0m
[1m[94m1561[0m [1m[94m|[0m                 intent = "web_search".to_string();
     [1m[94m|[0m                 [1m[94m------[0m [1m[94m`intent` is overwritten here before the previous value is read[0m
     [1m[94m|[0m
     [1m[94m= [0m[1mnote[0m: `#[warn(unused_assignments)]` (part of `#[warn(unused)]`) on by default

[1m[33mwarning[0m[1m: value assigned to `action` is never read[0m
    [1m[94m--> [0msrc/nlu.rs:1551:26
     [1m[94m|[0m
[1m[94m1551[0m [1m[94m|[0m         let mut action = String::new();
     [1m[94m|[0m                          [1m[33m^^^^^^^^^^^^^[0m [1m[33mthis value is reassigned later and never used[0m
[1m[94m...[0m
[1m[94m1562[0m [1m[94m|[0m                 action = "search".to_string();
     [1m[94m|[0m                 [1m[94m------[0m [1m[94m`action` is overwritten here before the previous value is read[0m

[1m[91merror[E0382][0m[1m: borrow of moved value: `supported`[0m
   [1m[94m--> [0msrc/tools/voice.rs:571:24
    [1m[94m|[0m
[1m[94m527[0m [1m[94m|[0m     let supported = device
    [1m[94m|[0m         [1m[94m---------[0m [1m[94mmove occurs because `supported` has type `SupportedStreamConfig`, which does not implement the `Copy` trait[0m
[1m[94m...[0m
[1m[94m570[0m [1m[94m|[0m     let config: cpal::StreamConfig = supported.into();
    [1m[94m|[0m                                                [1m[94m------[0m [1m[94m`supported` moved due to this method call[0m
[1m[94m571[0m [1m[94m|[0m     let stream = match supported.sample_format() {
    [1m[94m|[0m                        [1m[91m^^^^^^^^^[0m [1m[91mvalue borrowed here after move[0m
    [1m[94m|[0m
[1m[92mnote[0m: `into` takes ownership of the receiver `self`, which moves `supported`
   [1m[94m--> [0m/rustc/48a229ceaefd4985c50990b14116b6d856af0985/library/core/src/convert/mod.rs:456:12
[1m[96mhelp[0m: you can `clone` the value and consume it, but this might not be your desired behavior
    [1m[94m|[0m
[1m[94m570[0m [1m[94m| [0m    let config: cpal::StreamConfig = supported[92m.clone()[0m.into();
    [1m[94m|[0m                                               [92m++++++++[0m

[1mSome errors have detailed explanations: E0061, E0382.[0m
[1mFor more information about an error, try `rustc --explain E0061`.[0m
[1m[33mwarning[0m: `pluto` (lib test) generated 6 warnings
[1m[91merror[0m: could not compile `pluto` (lib test) due to 2 previous errors; 6 warnings emitted
