848:[1m[91merror[E0277][0m[1m: a value of type `f32` cannot be made by summing an iterator over elements of type `<T as Sample>::Float`[0m
862:[1m[91merror[E0599][0m[1m: no method named `default_input_device` found for struct `cpal::Host` in the current scope[0m
886:[1m[91merror[E0599][0m[1m: no method named `play` found for struct `Stream` in the current scope[0m
906:[1m[91merror[E0599][0m[1m: no method named `build_input_stream` found for reference `&Device` in the current scope[0m
--- tail ---
[1m[33mwarning[0m[1m: unused variable: `err`[0m
   [1m[94m--> [0msrc/tools/apps.rs:167:30
    [1m[94m|[0m
[1m[94m167[0m [1m[94m|[0m                 Ok((code, _, err)) if code == 0 => ToolResult::ok("open_url", format!("Opened {} in your default browser.", url)),
    [1m[94m|[0m                              [1m[33m^^^[0m [1m[33mhelp: if this is intentional, prefix it with an underscore: `_err`[0m

[1m[33mwarning[0m[1m: unused variable: `err`[0m
   [1m[94m--> [0msrc/tools/system.rs:216:30
    [1m[94m|[0m
[1m[94m216[0m [1m[94m|[0m                 Ok((code, _, err)) if code == 0 => {
    [1m[94m|[0m                              [1m[33m^^^[0m [1m[33mhelp: if this is intentional, prefix it with an underscore: `_err`[0m

[1m[33mwarning[0m[1m: value assigned to `status` is never read[0m
   [1m[94m--> [0msrc/tools/terminal.rs:138:22
    [1m[94m|[0m
[1m[94m138[0m [1m[94m|[0m     let mut status = None;
    [1m[94m|[0m                      [1m[33m^^^^[0m [1m[33mthis value is reassigned later and never used[0m
[1m[94m...[0m
[1m[94m142[0m [1m[94m|[0m                 status = Some(s);
    [1m[94m|[0m                 [1m[94m----------------[0m [1m[94m`status` is overwritten here before the previous value is read[0m

[1m[33mwarning[0m[1m: unused variable: `err`[0m
   [1m[94m--> [0msrc/tools/voice.rs:686:22
    [1m[94m|[0m
[1m[94m686[0m [1m[94m|[0m         Ok((code, _, err)) if code == 0 => {
    [1m[94m|[0m                      [1m[33m^^^[0m [1m[33mhelp: if this is intentional, prefix it with an underscore: `_err`[0m

[1m[33mwarning[0m[1m: value assigned to `status` is never read[0m
   [1m[94m--> [0msrc/tools/mod.rs:137:22
    [1m[94m|[0m
[1m[94m137[0m [1m[94m|[0m     let mut status = None;
    [1m[94m|[0m                      [1m[33m^^^^[0m [1m[33mthis value is reassigned later and never used[0m
[1m[94m...[0m
[1m[94m141[0m [1m[94m|[0m                 status = Some(s);
    [1m[94m|[0m                 [1m[94m----------------[0m [1m[94m`status` is overwritten here before the previous value is read[0m

[1mSome errors have detailed explanations: E0277, E0599.[0m
[1mFor more information about an error, try `rustc --explain E0277`.[0m
[1m[33mwarning[0m: `pluto` (lib test) generated 11 warnings
[1m[91merror[0m: could not compile `pluto` (lib test) due to 4 previous errors; 11 warnings emitted
