950:failures:
954:thread 'nlu::tests::youtube_bare_word_opens_site' (14619) panicked at src/nlu.rs:1782:9:
955:assertion `left == right` failed
961:failures:
964:test result: FAILED. 29 passed; 1 failed; 0 ignored; 0 measured; 0 filtered out; finished in 1.17s
--- tail ---
test nlu::tests::routes_open_app ... ok
test nlu::tests::open_specific_browsers ... ok
test nlu::tests::routes_screenshot ... ok
test nlu::tests::routes_system_status ... ok
test nlu::tests::routes_open_url_domain ... ok
test nlu::tests::routes_open_youtube_and_play ... ok
test nlu::tests::search_bing ... ok
test nlu::tests::search_default_is_google_not_youtube ... ok
test nlu::tests::routes_terminal_command ... ok
test nlu::tests::youtube_bare_word_opens_site ... FAILED
test tools::terminal::tests::blocks_destructive_patterns ... ok
test tools::terminal::tests::confirms_dangerous_commands ... ok
test tools::terminal::tests::safe_commands ... ok
test tools::terminal::tests::tokenizes_quotes ... ok
test tools::voice::tests::downmixer_averages_stereo ... ok
test tools::voice::tests::downmixer_downsamples ... ok
test tools::voice::tests::empty_text_is_an_error ... ok
test nlu::tests::open_browser_command ... ok
test tools::voice::tests::wav_header_is_valid ... ok
test tools::voice::tests::tts_never_panics ... ok
test nlu::tests::search_youtube_explicit ... ok
test nlu::tests::search_google_explicit ... ok

failures:

---- nlu::tests::youtube_bare_word_opens_site stdout ----

thread 'nlu::tests::youtube_bare_word_opens_site' (14619) panicked at src/nlu.rs:1782:9:
assertion `left == right` failed
  left: []
 right: ["open_url"]
note: run with `RUST_BACKTRACE=1` environment variable to display a backtrace


failures:
    nlu::tests::youtube_bare_word_opens_site

test result: FAILED. 29 passed; 1 failed; 0 ignored; 0 measured; 0 filtered out; finished in 1.17s

[1m[91merror[0m: test failed, to rerun pass `--lib`
